// Jest Snapshot v1, https://goo.gl/fbAQLP

exports[`NumbersGrid snapshot 1`] = `
<ol
  className="layout"
>
  <li
    className="layout"
  >
    <button
      className="layout"
      name="num-button-1"
      onClick={[Function]}
      type="button"
      value={1}
    >
      1
    </button>
  </li>
  <li
    className="layout"
  >
    <button
      className="layout"
      name="num-button-2"
      onClick={[Function]}
      type="button"
      value={2}
    >
      2
    </button>
  </li>
  <li
    className="layout"
  >
    <button
      className="layout"
      name="num-button-3"
      onClick={[Function]}
      type="button"
      value={3}
    >
      3
    </button>
  </li>
  <li
    className="layout"
  >
    <button
      className="layout"
      name="num-button-4"
      onClick={[Function]}
      type="button"
      value={4}
    >
      4
    </button>
  </li>
</ol>
`;
