// Jest Snapshot v1, https://goo.gl/fbAQLP

exports[`MultiplicationGrid snapshot 1`] = `
<ol
  className="layout"
>
  <li
    className="layout"
  >
    <button
      className="layout"
      name="num-button-1"
      onClick={[Function]}
      type="button"
      value={1}
    >
      1
    </button>
  </li>
  <li
    className="layout"
  >
    <button
      className="layout"
      name="num-button-2"
      onClick={[Function]}
      type="button"
      value={2}
    >
      2
    </button>
  </li>
  <li
    className="layout"
  >
    <button
      className="layout"
      name="num-button-3"
      onClick={[Function]}
      type="button"
      value={3}
    >
      3
    </button>
  </li>
  <li
    className="layout"
  >
    <button
      className="layout"
      name="num-button-4"
      onClick={[Function]}
      type="button"
      value={4}
    >
      4
    </button>
  </li>
  <li
    className="layout"
  >
    <button
      className="layout"
      name="num-button-5"
      onClick={[Function]}
      type="button"
      value={5}
    >
      5
    </button>
  </li>
  <li
    className="layout"
  >
    <button
      className="layout"
      name="num-button-6"
      onClick={[Function]}
      type="button"
      value={6}
    >
      6
    </button>
  </li>
  <li
    className="layout"
  >
    <button
      className="layout"
      name="num-button-7"
      onClick={[Function]}
      type="button"
      value={7}
    >
      7
    </button>
  </li>
  <li
    className="layout"
  >
    <button
      className="layout"
      name="num-button-8"
      onClick={[Function]}
      type="button"
      value={8}
    >
      8
    </button>
  </li>
  <li
    className="layout"
  >
    <button
      className="layout"
      name="num-button-9"
      onClick={[Function]}
      type="button"
      value={9}
    >
      9
    </button>
  </li>
  <li
    className="layout"
  >
    <button
      className="layout"
      name="num-button-10"
      onClick={[Function]}
      type="button"
      value={10}
    >
      10
    </button>
  </li>
  <li
    className="layout"
  >
    <button
      className="layout"
      name="num-button-11"
      onClick={[Function]}
      type="button"
      value={11}
    >
      11
    </button>
  </li>
  <li
    className="layout"
  >
    <button
      className="layout"
      name="num-button-12"
      onClick={[Function]}
      type="button"
      value={12}
    >
      12
    </button>
  </li>
  <li
    className="layout"
  >
    <button
      className="layout"
      name="num-button-13"
      onClick={[Function]}
      type="button"
      value={13}
    >
      13
    </button>
  </li>
  <li
    className="layout"
  >
    <button
      className="layout"
      name="num-button-14"
      onClick={[Function]}
      type="button"
      value={14}
    >
      14
    </button>
  </li>
  <li
    className="layout"
  >
    <button
      className="layout"
      name="num-button-15"
      onClick={[Function]}
      type="button"
      value={15}
    >
      15
    </button>
  </li>
  <li
    className="layout"
  >
    <button
      className="layout"
      name="num-button-16"
      onClick={[Function]}
      type="button"
      value={16}
    >
      16
    </button>
  </li>
  <li
    className="layout"
  >
    <button
      className="layout"
      name="num-button-17"
      onClick={[Function]}
      type="button"
      value={17}
    >
      17
    </button>
  </li>
  <li
    className="layout"
  >
    <button
      className="layout"
      name="num-button-18"
      onClick={[Function]}
      type="button"
      value={18}
    >
      18
    </button>
  </li>
  <li
    className="layout"
  >
    <button
      className="layout"
      name="num-button-19"
      onClick={[Function]}
      type="button"
      value={19}
    >
      19
    </button>
  </li>
  <li
    className="layout"
  >
    <button
      className="layout"
      name="num-button-20"
      onClick={[Function]}
      type="button"
      value={20}
    >
      20
    </button>
  </li>
  <li
    className="layout"
  >
    <button
      className="layout"
      name="num-button-21"
      onClick={[Function]}
      type="button"
      value={21}
    >
      21
    </button>
  </li>
  <li
    className="layout"
  >
    <button
      className="layout"
      name="num-button-22"
      onClick={[Function]}
      type="button"
      value={22}
    >
      22
    </button>
  </li>
  <li
    className="layout"
  >
    <button
      className="layout"
      name="num-button-23"
      onClick={[Function]}
      type="button"
      value={23}
    >
      23
    </button>
  </li>
  <li
    className="layout"
  >
    <button
      className="layout"
      name="num-button-24"
      onClick={[Function]}
      type="button"
      value={24}
    >
      24
    </button>
  </li>
</ol>
`;
